V3 15
FL /home/hendri/Documents/workspaceXilinxBasys2/multipleFile/and2HDL.vhd 2013/11/17.18:00:09 P.58f
EN work/and2HDL 1384686718 \
      FL /home/hendri/Documents/workspaceXilinxBasys2/multipleFile/and2HDL.vhd \
      PB ieee/std_logic_1164 1364358218
AR work/and2HDL/Behavioral 1384686719 \
      FL /home/hendri/Documents/workspaceXilinxBasys2/multipleFile/and2HDL.vhd \
      EN work/and2HDL 1384686718
FL /home/hendri/Documents/workspaceXilinxBasys2/multipleFile/mainHDL.vhd 2013/11/17.18:09:04 P.58f
EN work/mainHDL 1384686724 \
      FL /home/hendri/Documents/workspaceXilinxBasys2/multipleFile/mainHDL.vhd \
      PB ieee/std_logic_1164 1364358218
AR work/mainHDL/Behavioral 1384686725 \
      FL /home/hendri/Documents/workspaceXilinxBasys2/multipleFile/mainHDL.vhd \
      EN work/mainHDL 1384686724 CP and2HDL CP notHDL CP or2HDL
FL /home/hendri/Documents/workspaceXilinxBasys2/multipleFile/notHDL.vhd 2013/11/17.18:03:41 P.58f
EN work/notHDL 1384686720 \
      FL /home/hendri/Documents/workspaceXilinxBasys2/multipleFile/notHDL.vhd \
      PB ieee/std_logic_1164 1364358218
AR work/notHDL/Behavioral 1384686721 \
      FL /home/hendri/Documents/workspaceXilinxBasys2/multipleFile/notHDL.vhd \
      EN work/notHDL 1384686720
FL /home/hendri/Documents/workspaceXilinxBasys2/multipleFile/or2HDL.vhd 2013/11/17.18:04:40 P.58f
EN work/or2HDL 1384686722 \
      FL /home/hendri/Documents/workspaceXilinxBasys2/multipleFile/or2HDL.vhd \
      PB ieee/std_logic_1164 1364358218
AR work/or2HDL/Behavioral 1384686723 \
      FL /home/hendri/Documents/workspaceXilinxBasys2/multipleFile/or2HDL.vhd \
      EN work/or2HDL 1384686722
