V3 9
FL /home/hendri/Documents/workspaceXilinxBasys2/sevenSegmentCounterV5/clk7seg.vhd 2013/11/23.09:46:10 P.58f
EN work/psc7seg 1385186715 \
      FL /home/hendri/Documents/workspaceXilinxBasys2/sevenSegmentCounterV5/clk7seg.vhd \
      PB ieee/std_logic_1164 1364358218 LB UNISIM PH unisim/VCOMPONENTS 1364358225
AR work/psc7seg/Behavioral 1385186716 \
      FL /home/hendri/Documents/workspaceXilinxBasys2/sevenSegmentCounterV5/clk7seg.vhd \
      EN work/psc7seg 1385186715 CP BUFG
FL /home/hendri/Documents/workspaceXilinxBasys2/sevenSegmentCounterV5/sevenSegment.vhd 2013/11/23.13:05:01 P.58f
EN work/sevenSegment 1385186717 \
      FL /home/hendri/Documents/workspaceXilinxBasys2/sevenSegmentCounterV5/sevenSegment.vhd \
      PB ieee/std_logic_1164 1364358218 LB UNISIM PH unisim/VCOMPONENTS 1364358225
AR work/sevenSegment/Behavioral 1385186718 \
      FL /home/hendri/Documents/workspaceXilinxBasys2/sevenSegmentCounterV5/sevenSegment.vhd \
      EN work/sevenSegment 1385186717 CP psc7seg CP BUFG
