V3 3
FL /home/hendri/Documents/workspaceXilinxBasys2/singleSevenSegment/sevenSegment.vhd 2013/11/17.18:29:56 P.58f
EN work/sevenSegment 1384687812 \
      FL /home/hendri/Documents/workspaceXilinxBasys2/singleSevenSegment/sevenSegment.vhd \
      PB ieee/std_logic_1164 1364358218
AR work/sevenSegment/Behavioral 1384687813 \
      FL /home/hendri/Documents/workspaceXilinxBasys2/singleSevenSegment/sevenSegment.vhd \
      EN work/sevenSegment 1384687812
