V3 3
FL /home/hendri/Documents/workspaceXilinxBasys2/singleSeventSegmentV3/sevenSegment.vhd 2013/11/17.19:33:55 P.58f
EN work/sevenSegment 1384691657 \
      FL /home/hendri/Documents/workspaceXilinxBasys2/singleSeventSegmentV3/sevenSegment.vhd \
      PB ieee/std_logic_1164 1364358218
AR work/sevenSegment/Behavioral 1384691658 \
      FL /home/hendri/Documents/workspaceXilinxBasys2/singleSeventSegmentV3/sevenSegment.vhd \
      EN work/sevenSegment 1384691657
