V3 8
FL /home/hendri/Documents/workspaceXilinxBasys2/P2_BlinkerSCH/Blinker.vhf 2013/11/24.19:26:47 P.58f
EN work/Blinker 1385296389 \
      FL /home/hendri/Documents/workspaceXilinxBasys2/P2_BlinkerSCH/Blinker.vhf \
      PB ieee/std_logic_1164 1364358218 PB ieee/NUMERIC_STD 1364358223 LB UNISIM \
      PH unisim/VCOMPONENTS 1364358225
AR work/Blinker/BEHAVIORAL 1385296390 \
      FL /home/hendri/Documents/workspaceXilinxBasys2/P2_BlinkerSCH/Blinker.vhf \
      EN work/Blinker 1385296389 CP counter
FL /home/hendri/Documents/workspaceXilinxBasys2/P2_BlinkerSCH/ipcore_dir/counter.vhd 2013/11/24.18:00:32 P.58f
EN work/counter 1385296387 \
      FL /home/hendri/Documents/workspaceXilinxBasys2/P2_BlinkerSCH/ipcore_dir/counter.vhd \
      PB ieee/std_logic_1164 1364358218
AR work/counter/counter_a 1385296388 \
      FL /home/hendri/Documents/workspaceXilinxBasys2/P2_BlinkerSCH/ipcore_dir/counter.vhd \
      EN work/counter 1385296387
