EN mod5_kybmatrix NULL /home/hendri/Documents/workspaceXilinxBasys2/P09_KeypadSevenSegment/keypad.vhd sub00/vhpl02 1416792635
EN keypad NULL /home/hendri/Documents/workspaceXilinxBasys2/P09_KeypadSevenSegment/keypad.vhd sub00/vhpl00 1416787318
AR mod5_kybmatrix behavioral /home/hendri/Documents/workspaceXilinxBasys2/P09_KeypadSevenSegment/keypad.vhd sub00/vhpl03 1416792636
AR keypad behavioral /home/hendri/Documents/workspaceXilinxBasys2/P09_KeypadSevenSegment/keypad.vhd sub00/vhpl01 1416787319
