V3 10
FL /home/hendri/Documents/workspaceXilinx/P6-keypad/keypad.vhd 2013/02/03.16:36:52 P.20131013
FL /home/hendri/Documents/workspaceXilinx/P6-keypad/sevenSegment.vhd 2013/02/03.03:30:09 P.20131013
FL /home/hendri/Documents/workspaceXilinxBasys2/P09_KeypadSevenSegment/keypad.vhd 2014/11/24.08:30:19 P.20131013
AR work/keypad/Behavioral 1416787319 \
      FL /home/hendri/Documents/workspaceXilinxBasys2/P09_KeypadSevenSegment/keypad.vhd \
      EN work/keypad 1416787318 CP BUFG
EN work/mod5_kybmatrix 1416792635 \
      FL /home/hendri/Documents/workspaceXilinxBasys2/P09_KeypadSevenSegment/keypad.vhd \
      LB UNISIM PB ieee/std_logic_1164 1381692176 PH unisim/VCOMPONENTS 1354696165
AR work/mod5_kybmatrix/Behavioral 1416792636 \
      FL /home/hendri/Documents/workspaceXilinxBasys2/P09_KeypadSevenSegment/keypad.vhd \
      EN work/mod5_kybmatrix 1416792635 CP BUFG
FL /home/hendri/Documents/workspaceXilinxBasys2/P9_KeypadSevenSegment/keypad.vhd 2013/02/03.16:36:52 P.20131013
