V3 8
FL /home/hendri/Documents/workspaceXilinxBasys2/P12TrafficLightDelayMultifile/prescaller.vhd 2013/11/26.21:17:28 P.58f
EN work/prescaller 1385475552 \
      FL /home/hendri/Documents/workspaceXilinxBasys2/P12TrafficLightDelayMultifile/prescaller.vhd \
      PB ieee/std_logic_1164 1364358218 LB UNISIM PH unisim/VCOMPONENTS 1364358225
AR work/prescaller/Behavioral 1385475553 \
      FL /home/hendri/Documents/workspaceXilinxBasys2/P12TrafficLightDelayMultifile/prescaller.vhd \
      EN work/prescaller 1385475552
FL /home/hendri/Documents/workspaceXilinxBasys2/P12TrafficLightDelayMultifile/trafficlight.vhd 2013/11/26.21:16:52 P.58f
EN work/traficLight 1385475554 \
      FL /home/hendri/Documents/workspaceXilinxBasys2/P12TrafficLightDelayMultifile/trafficlight.vhd \
      PB ieee/std_logic_1164 1364358218 LB UNISIM PH unisim/VCOMPONENTS 1364358225
AR work/traficLight/Behavioral 1385475555 \
      FL /home/hendri/Documents/workspaceXilinxBasys2/P12TrafficLightDelayMultifile/trafficlight.vhd \
      EN work/traficLight 1385475554 CP prescaller
