V3 6
FL /home/hendri/Documents/workspaceXilinxBasys2/P11_stateTrafficMealy/traffic.vhd 2013/11/29.00:58:25 P.58f
EN work/traficLight 1385661511 \
      FL /home/hendri/Documents/workspaceXilinxBasys2/P11_stateTrafficMealy/traffic.vhd \
      PB ieee/std_logic_1164 1364358218 LB UNISIM PH unisim/VCOMPONENTS 1364358225
AR work/traficLight/Behavioral 1385661512 \
      FL /home/hendri/Documents/workspaceXilinxBasys2/P11_stateTrafficMealy/traffic.vhd \
      EN work/traficLight 1385661511 CP BUFG
FL /home/hendri/Documents/workspaceXilinxBasys2/P11_stateTrafficV1/traffic.vhd 2013/11/26.09:46:07 P.58f
