V3 3
FL /home/hendri/Documents/workspaceXilinxBasys2/pendeteksiGanjil4bit/main.vhd 2013/11/18.09:12:21 P.58f
EN work/main 1384740751 \
      FL /home/hendri/Documents/workspaceXilinxBasys2/pendeteksiGanjil4bit/main.vhd \
      PB ieee/std_logic_1164 1364358218 PB ieee/STD_LOGIC_UNSIGNED 1364358221 \
      PB ieee/NUMERIC_STD 1364358223
AR work/main/Behavioral 1384740752 \
      FL /home/hendri/Documents/workspaceXilinxBasys2/pendeteksiGanjil4bit/main.vhd \
      EN work/main 1384740751
