V3 11
FL /home/hendri/Documents/workspaceXilinxBasys2/sevensegmentTest/blinker2.vhd 2013/11/24.16:12:00 P.58f
EN work/blink 1387164373 \
      FL /home/hendri/Documents/workspaceXilinxBasys2/sevensegmentTest/blinker2.vhd \
      PB ieee/std_logic_1164 1364358218 PB ieee/STD_LOGIC_UNSIGNED 1364358221
AR work/blink/Behavioral 1387164374 \
      FL /home/hendri/Documents/workspaceXilinxBasys2/sevensegmentTest/blinker2.vhd \
      EN work/blink 1387164373
FL /home/hendri/Documents/workspaceXilinxBasys2/sevensegmentTest/sevenSegment.vhd 2013/12/16.09:45:56 P.58f
EN work/sevenSegment 1387164375 \
      FL /home/hendri/Documents/workspaceXilinxBasys2/sevensegmentTest/sevenSegment.vhd \
      PB ieee/std_logic_1164 1364358218
AR work/sevenSegment/Behavioral 1387164376 \
      FL /home/hendri/Documents/workspaceXilinxBasys2/sevensegmentTest/sevenSegment.vhd \
      EN work/sevenSegment 1387164375
FL /home/hendri/Documents/workspaceXilinxBasys2/sevensegmentTest/system.vhd 2013/12/16.10:24:03 P.58f
EN work/system 1387164377 \
      FL /home/hendri/Documents/workspaceXilinxBasys2/sevensegmentTest/system.vhd \
      PB ieee/std_logic_1164 1364358218
AR work/system/Behavioral 1387164378 \
      FL /home/hendri/Documents/workspaceXilinxBasys2/sevensegmentTest/system.vhd \
      EN work/system 1387164377 CP blink CP sevenSegment
