V3 3
FL /home/hendri/Documents/workspaceXilinxBasys2/blackbox/bbox.vhd 2014/11/25.09:31:33 P.20131013
EN work/bbox 1416882704 \
      FL /home/hendri/Documents/workspaceXilinxBasys2/blackbox/bbox.vhd \
      PB ieee/std_logic_1164 1381692176
AR work/bbox/Behavioral 1416882705 \
      FL /home/hendri/Documents/workspaceXilinxBasys2/blackbox/bbox.vhd \
      EN work/bbox 1416882704
