V3 18
FL /home/hendri/Documents/workspaceXilinxBasys2/P13_VendingMachineChangewithDebouncing2/debouncingCircuit.vhd 2013/11/27.11:53:24 P.58f
FL /home/hendri/Documents/workspaceXilinxBasys2/P13_VendingMachineChangewithDebouncing2/prescaller.vhd 2013/11/27.11:59:28 P.58f
FL /home/hendri/Documents/workspaceXilinxBasys2/P13_VendingMachineChangewithDebouncing2/vendingMachine.vhd 2013/11/27.11:58:11 P.58f
FL /home/hendri/Documents/workspaceXilinxBasys2/P13_VendingMachinenoChangewithdebouncing/debouncingCircuit.vhd 2013/11/27.11:45:33 P.58f
FL /home/hendri/Documents/workspaceXilinxBasys2/P13_VendingMachinenoChangewithdebouncing/prescaller.vhd 2013/11/27.10:34:19 P.58f
FL /home/hendri/Documents/workspaceXilinxBasys2/P13_VendingMachinenoChangewithdebouncing/vendingMachine.vhd 2013/11/27.11:09:29 P.58f
FL /home/hendri/Documents/workspaceXilinxBasys2/P14_vendingMachineChange/debouncingCircuit.vhd 2013/11/27.11:53:24 P.58f
EN work/debouncingCircuit 1385534496 \
      FL /home/hendri/Documents/workspaceXilinxBasys2/P14_vendingMachineChange/debouncingCircuit.vhd \
      PB ieee/std_logic_1164 1364358218
AR work/debouncingCircuit/Behavioral 1385534497 \
      FL /home/hendri/Documents/workspaceXilinxBasys2/P14_vendingMachineChange/debouncingCircuit.vhd \
      EN work/debouncingCircuit 1385534496
FL /home/hendri/Documents/workspaceXilinxBasys2/P14_vendingMachineChange/prescaller.vhd 2013/11/27.11:59:28 P.58f
EN work/prescaller 1385534494 \
      FL /home/hendri/Documents/workspaceXilinxBasys2/P14_vendingMachineChange/prescaller.vhd \
      PB ieee/std_logic_1164 1364358218 LB UNISIM PH unisim/VCOMPONENTS 1364358225
AR work/prescaller/Behavioral 1385534495 \
      FL /home/hendri/Documents/workspaceXilinxBasys2/P14_vendingMachineChange/prescaller.vhd \
      EN work/prescaller 1385534494
FL /home/hendri/Documents/workspaceXilinxBasys2/P14_vendingMachineChange/vendingMachine.vhd 2013/11/27.13:41:28 P.58f
EN work/vendingmachine 1385534498 \
      FL /home/hendri/Documents/workspaceXilinxBasys2/P14_vendingMachineChange/vendingMachine.vhd \
      PB ieee/std_logic_1164 1364358218
AR work/vendingmachine/Behavioral 1385534499 \
      FL /home/hendri/Documents/workspaceXilinxBasys2/P14_vendingMachineChange/vendingMachine.vhd \
      EN work/vendingmachine 1385534498 CP prescaller CP debouncingCircuit
