Release 14.5 - xst P.58f (lin)
Copyright (c) 1995-2012 Xilinx, Inc.  All rights reserved.
--> 
Parameter TMPDIR set to xst/projnav.tmp


Total REAL time to Xst completion: 0.00 secs
Total CPU time to Xst completion: 0.04 secs
 
--> 
Parameter xsthdpdir set to xst


Total REAL time to Xst completion: 0.00 secs
Total CPU time to Xst completion: 0.04 secs
 
--> 
Reading design: vendingmachine.prj

TABLE OF CONTENTS
  1) Synthesis Options Summary
  2) HDL Compilation
  3) Design Hierarchy Analysis
  4) HDL Analysis
  5) HDL Synthesis
     5.1) HDL Synthesis Report
  6) Advanced HDL Synthesis
     6.1) Advanced HDL Synthesis Report
  7) Low Level Synthesis
  8) Partition Report
  9) Final Report
	9.1) Device utilization summary
	9.2) Partition Resource Summary
	9.3) TIMING REPORT


=========================================================================
*                      Synthesis Options Summary                        *
=========================================================================
---- Source Parameters
Input File Name                    : "vendingmachine.prj"
Input Format                       : mixed
Ignore Synthesis Constraint File   : NO

---- Target Parameters
Output File Name                   : "vendingmachine"
Output Format                      : NGC
Target Device                      : xc3s250e-4-cp132

---- Source Options
Top Module Name                    : vendingmachine
Automatic FSM Extraction           : YES
FSM Encoding Algorithm             : Auto
Safe Implementation                : No
FSM Style                          : LUT
RAM Extraction                     : Yes
RAM Style                          : Auto
ROM Extraction                     : Yes
Mux Style                          : Auto
Decoder Extraction                 : YES
Priority Encoder Extraction        : Yes
Shift Register Extraction          : YES
Logical Shifter Extraction         : YES
XOR Collapsing                     : YES
ROM Style                          : Auto
Mux Extraction                     : Yes
Resource Sharing                   : YES
Asynchronous To Synchronous        : NO
Multiplier Style                   : Auto
Automatic Register Balancing       : No

---- Target Options
Add IO Buffers                     : YES
Global Maximum Fanout              : 500
Add Generic Clock Buffer(BUFG)     : 24
Register Duplication               : YES
Slice Packing                      : YES
Optimize Instantiated Primitives   : NO
Use Clock Enable                   : Yes
Use Synchronous Set                : Yes
Use Synchronous Reset              : Yes
Pack IO Registers into IOBs        : Auto
Equivalent register Removal        : YES

---- General Options
Optimization Goal                  : Speed
Optimization Effort                : 1
Keep Hierarchy                     : No
Netlist Hierarchy                  : As_Optimized
RTL Output                         : Yes
Global Optimization                : AllClockNets
Read Cores                         : YES
Write Timing Constraints           : NO
Cross Clock Analysis               : NO
Hierarchy Separator                : /
Bus Delimiter                      : <>
Case Specifier                     : Maintain
Slice Utilization Ratio            : 100
BRAM Utilization Ratio             : 100
Verilog 2001                       : YES
Auto BRAM Packing                  : NO
Slice Utilization Ratio Delta      : 5

=========================================================================


=========================================================================
*                          HDL Compilation                              *
=========================================================================
Compiling vhdl file "/home/hendri/Documents/workspaceXilinxBasys2/P13_VendingMachinenoChangewithdebouncing/prescaller.vhd" in Library work.
Architecture behavioral of Entity prescaller is up to date.
Compiling vhdl file "/home/hendri/Documents/workspaceXilinxBasys2/P13_VendingMachinenoChangewithdebouncing/debouncingCircuit.vhd" in Library work.
Architecture behavioral of Entity debouncingcircuit is up to date.
Compiling vhdl file "/home/hendri/Documents/workspaceXilinxBasys2/P13_VendingMachinenoChangewithdebouncing/vendingMachine.vhd" in Library work.
Architecture behavioral of Entity vendingmachine is up to date.

=========================================================================
*                     Design Hierarchy Analysis                         *
=========================================================================
Analyzing hierarchy for entity <vendingmachine> in library <work> (architecture <behavioral>).

Analyzing hierarchy for entity <prescaller> in library <work> (architecture <behavioral>).

Analyzing hierarchy for entity <debouncingCircuit> in library <work> (architecture <behavioral>).


=========================================================================
*                            HDL Analysis                               *
=========================================================================
Analyzing Entity <vendingmachine> in library <work> (Architecture <behavioral>).
Entity <vendingmachine> analyzed. Unit <vendingmachine> generated.

Analyzing Entity <prescaller> in library <work> (Architecture <behavioral>).
Entity <prescaller> analyzed. Unit <prescaller> generated.

Analyzing Entity <debouncingCircuit> in library <work> (Architecture <behavioral>).
Entity <debouncingCircuit> analyzed. Unit <debouncingCircuit> generated.


=========================================================================
*                           HDL Synthesis                               *
=========================================================================

Performing bidirectional port resolution...

Synthesizing Unit <prescaller>.
    Related source file is "/home/hendri/Documents/workspaceXilinxBasys2/P13_VendingMachinenoChangewithdebouncing/prescaller.vhd".
    Found 26-bit up counter for signal <psc>.
    Found 26-bit comparator less for signal <psc$cmp_lt0000> created at line 47.
    Found 1-bit register for signal <sInv>.
    Summary:
	inferred   1 Counter(s).
	inferred   1 D-type flip-flop(s).
	inferred   1 Comparator(s).
Unit <prescaller> synthesized.


Synthesizing Unit <debouncingCircuit>.
    Related source file is "/home/hendri/Documents/workspaceXilinxBasys2/P13_VendingMachinenoChangewithdebouncing/debouncingCircuit.vhd".
    Found 1-bit register for signal <sw.Q1>.
    Found 1-bit register for signal <sw.Q2>.
    Found 1-bit register for signal <sw.Q3>.
    Summary:
	inferred   3 D-type flip-flop(s).
Unit <debouncingCircuit> synthesized.


Synthesizing Unit <vendingmachine>.
    Related source file is "/home/hendri/Documents/workspaceXilinxBasys2/P13_VendingMachinenoChangewithdebouncing/vendingMachine.vhd".
    Found finite state machine <FSM_0> for signal <myState>.
    -----------------------------------------------------------------------
    | States             | 4                                              |
    | Transitions        | 10                                             |
    | Inputs             | 2                                              |
    | Outputs            | 4                                              |
    | Clock              | s_clk                     (rising_edge)        |
    | Reset              | rst                       (positive)           |
    | Reset type         | asynchronous                                   |
    | Reset State        | s0                                             |
    | Power Up State     | s0                                             |
    | Encoding           | automatic                                      |
    | Implementation     | LUT                                            |
    -----------------------------------------------------------------------
    Found 3-bit register for signal <debugstate>.
    Found 1-bit register for signal <drop_out>.
    Summary:
	inferred   1 Finite State Machine(s).
	inferred   4 D-type flip-flop(s).
Unit <vendingmachine> synthesized.


=========================================================================
HDL Synthesis Report

Macro Statistics
# Counters                                             : 1
 26-bit up counter                                     : 1
# Registers                                            : 6
 1-bit register                                        : 5
 3-bit register                                        : 1
# Comparators                                          : 1
 26-bit comparator less                                : 1

=========================================================================

=========================================================================
*                       Advanced HDL Synthesis                          *
=========================================================================

Analyzing FSM <FSM_0> for best encoding.
Optimizing FSM <myState/FSM> on signal <myState[1:2]> with user encoding.
-------------------
 State | Encoding
-------------------
 s0    | 00
 s500  | 01
 s1000 | 10
 sdrop | 11
-------------------
WARNING:Xst:1710 - FF/Latch <debugstate_2> (without init value) has a constant value of 0 in block <vendingmachine>. This FF/Latch will be trimmed during the optimization process.

=========================================================================
Advanced HDL Synthesis Report

Macro Statistics
# FSMs                                                 : 1
# Counters                                             : 1
 26-bit up counter                                     : 1
# Registers                                            : 8
 Flip-Flops                                            : 8
# Comparators                                          : 1
 26-bit comparator less                                : 1

=========================================================================

=========================================================================
*                         Low Level Synthesis                           *
=========================================================================
WARNING:Xst:1710 - FF/Latch <debugstate_2> (without init value) has a constant value of 0 in block <vendingmachine>. This FF/Latch will be trimmed during the optimization process.

Optimizing unit <vendingmachine> ...

Mapping all equations...
Building and optimizing final netlist ...
Found area constraint ratio of 100 (+ 5) on block vendingmachine, actual ratio is 1.

Final Macro Processing ...

=========================================================================
Final Register Report

Macro Statistics
# Registers                                            : 35
 Flip-Flops                                            : 35

=========================================================================

=========================================================================
*                           Partition Report                            *
=========================================================================

Partition Implementation Status
-------------------------------

  No Partitions were found in this design.

-------------------------------

=========================================================================
*                            Final Report                               *
=========================================================================
Final Results
RTL Top Level Output File Name     : vendingmachine.ngr
Top Level Output File Name         : vendingmachine
Output Format                      : NGC
Optimization Goal                  : Speed
Keep Hierarchy                     : No

Design Statistics
# IOs                              : 9

Cell Usage :
# BELS                             : 109
#      GND                         : 1
#      INV                         : 5
#      LUT1                        : 29
#      LUT2                        : 5
#      LUT3                        : 2
#      LUT3_D                      : 1
#      LUT4                        : 2
#      MUXCY                       : 37
#      VCC                         : 1
#      XORCY                       : 26
# FlipFlops/Latches                : 35
#      FDC                         : 2
#      FDCE                        : 1
#      FDE                         : 3
#      FDR                         : 29
# Clock Buffers                    : 1
#      BUFGP                       : 1
# IO Buffers                       : 8
#      IBUF                        : 3
#      OBUF                        : 5
=========================================================================

Device utilization summary:
---------------------------

Selected Device : 3s250ecp132-4 

 Number of Slices:                       26  out of   2448     1%  
 Number of Slice Flip Flops:             35  out of   4896     0%  
 Number of 4 input LUTs:                 44  out of   4896     0%  
 Number of IOs:                           9
 Number of bonded IOBs:                   9  out of     92     9%  
 Number of GCLKs:                         1  out of     24     4%  

---------------------------
Partition Resource Summary:
---------------------------

  No Partitions were found in this design.

---------------------------


=========================================================================
TIMING REPORT

NOTE: THESE TIMING NUMBERS ARE ONLY A SYNTHESIS ESTIMATE.
      FOR ACCURATE TIMING INFORMATION PLEASE REFER TO THE TRACE REPORT
      GENERATED AFTER PLACE-and-ROUTE.

Clock Information:
------------------
-----------------------------------+------------------------+-------+
Clock Signal                       | Clock buffer(FF name)  | Load  |
-----------------------------------+------------------------+-------+
Inst_prescaller/sInv               | NONE(drop_out)         | 8     |
clk                                | BUFGP                  | 27    |
-----------------------------------+------------------------+-------+
INFO:Xst:2169 - HDL ADVISOR - Some clock signals were not automatically buffered by XST with BUFG/BUFR resources. Please use the buffer_type constraint in order to insert these buffers to the clock signals to help prevent skew problems.

Asynchronous Control Signals Information:
----------------------------------------
-----------------------------------+------------------------+-------+
Control Signal                     | Buffer(FF name)        | Load  |
-----------------------------------+------------------------+-------+
rst                                | IBUF                   | 3     |
-----------------------------------+------------------------+-------+

Timing Summary:
---------------
Speed Grade: -4

   Minimum period: 5.474ns (Maximum Frequency: 182.694MHz)
   Minimum input arrival time before clock: 3.632ns
   Maximum output required time after clock: 4.745ns
   Maximum combinational path delay: No path found

Timing Detail:
--------------
All values displayed in nanoseconds (ns)

=========================================================================
Timing constraint: Default period analysis for Clock 'Inst_prescaller/sInv'
  Clock period: 3.384ns (frequency: 295.508MHz)
  Total number of paths / destination ports: 16 / 7
-------------------------------------------------------------------------
Delay:               3.384ns (Levels of Logic = 2)
  Source:            Inst_debouncingCircuit/sw.Q1 (FF)
  Destination:       myState_FSM_FFd1 (FF)
  Source Clock:      Inst_prescaller/sInv rising
  Destination Clock: Inst_prescaller/sInv rising

  Data Path: Inst_debouncingCircuit/sw.Q1 to myState_FSM_FFd1
                                Gate     Net
    Cell:in->out      fanout   Delay   Delay  Logical Name (Net Name)
    ----------------------------------------  ------------
     FDR:C->Q              2   0.591   0.622  Inst_debouncingCircuit/sw.Q1 (Inst_debouncingCircuit/sw.Q1)
     LUT3_D:I0->O          1   0.704   0.455  Inst_debouncingCircuit/sw1_out1 (Q_OUT)
     LUT4:I2->O            1   0.704   0.000  myState_FSM_FFd1-In1 (myState_FSM_FFd1-In)
     FDC:D                     0.308          myState_FSM_FFd1
    ----------------------------------------
    Total                      3.384ns (2.307ns logic, 1.077ns route)
                                       (68.2% logic, 31.8% route)

=========================================================================
Timing constraint: Default period analysis for Clock 'clk'
  Clock period: 5.474ns (frequency: 182.694MHz)
  Total number of paths / destination ports: 892 / 54
-------------------------------------------------------------------------
Delay:               5.474ns (Levels of Logic = 13)
  Source:            Inst_prescaller/psc_6 (FF)
  Destination:       Inst_prescaller/psc_0 (FF)
  Source Clock:      clk rising
  Destination Clock: clk rising

  Data Path: Inst_prescaller/psc_6 to Inst_prescaller/psc_0
                                Gate     Net
    Cell:in->out      fanout   Delay   Delay  Logical Name (Net Name)
    ----------------------------------------  ------------
     FDR:C->Q              2   0.591   0.622  Inst_prescaller/psc_6 (Inst_prescaller/psc_6)
     LUT1:I0->O            1   0.704   0.000  Inst_prescaller/Mcompar_psc_cmp_lt0000_cy<0>_rt (Inst_prescaller/Mcompar_psc_cmp_lt0000_cy<0>_rt)
     MUXCY:S->O            1   0.464   0.000  Inst_prescaller/Mcompar_psc_cmp_lt0000_cy<0> (Inst_prescaller/Mcompar_psc_cmp_lt0000_cy<0>)
     MUXCY:CI->O           1   0.059   0.000  Inst_prescaller/Mcompar_psc_cmp_lt0000_cy<1> (Inst_prescaller/Mcompar_psc_cmp_lt0000_cy<1>)
     MUXCY:CI->O           1   0.059   0.000  Inst_prescaller/Mcompar_psc_cmp_lt0000_cy<2> (Inst_prescaller/Mcompar_psc_cmp_lt0000_cy<2>)
     MUXCY:CI->O           1   0.059   0.000  Inst_prescaller/Mcompar_psc_cmp_lt0000_cy<3> (Inst_prescaller/Mcompar_psc_cmp_lt0000_cy<3>)
     MUXCY:CI->O           1   0.059   0.000  Inst_prescaller/Mcompar_psc_cmp_lt0000_cy<4> (Inst_prescaller/Mcompar_psc_cmp_lt0000_cy<4>)
     MUXCY:CI->O           1   0.059   0.000  Inst_prescaller/Mcompar_psc_cmp_lt0000_cy<5> (Inst_prescaller/Mcompar_psc_cmp_lt0000_cy<5>)
     MUXCY:CI->O           1   0.059   0.000  Inst_prescaller/Mcompar_psc_cmp_lt0000_cy<6> (Inst_prescaller/Mcompar_psc_cmp_lt0000_cy<6>)
     MUXCY:CI->O           1   0.059   0.000  Inst_prescaller/Mcompar_psc_cmp_lt0000_cy<7> (Inst_prescaller/Mcompar_psc_cmp_lt0000_cy<7>)
     MUXCY:CI->O           1   0.059   0.000  Inst_prescaller/Mcompar_psc_cmp_lt0000_cy<8> (Inst_prescaller/Mcompar_psc_cmp_lt0000_cy<8>)
     MUXCY:CI->O           1   0.059   0.000  Inst_prescaller/Mcompar_psc_cmp_lt0000_cy<9> (Inst_prescaller/Mcompar_psc_cmp_lt0000_cy<9>)
     MUXCY:CI->O           1   0.059   0.000  Inst_prescaller/Mcompar_psc_cmp_lt0000_cy<10> (Inst_prescaller/Mcompar_psc_cmp_lt0000_cy<10>)
     MUXCY:CI->O          27   0.331   1.261  Inst_prescaller/Mcompar_psc_cmp_lt0000_cy<11> (Inst_prescaller/Mcompar_psc_cmp_lt0000_cy<11>)
     FDR:R                     0.911          Inst_prescaller/psc_0
    ----------------------------------------
    Total                      5.474ns (3.591ns logic, 1.883ns route)
                                       (65.6% logic, 34.4% route)

=========================================================================
Timing constraint: Default OFFSET IN BEFORE for Clock 'Inst_prescaller/sInv'
  Total number of paths / destination ports: 8 / 8
-------------------------------------------------------------------------
Offset:              3.632ns (Levels of Logic = 2)
  Source:            rst (PAD)
  Destination:       debugstate_0 (FF)
  Destination Clock: Inst_prescaller/sInv rising

  Data Path: rst to debugstate_0
                                Gate     Net
    Cell:in->out      fanout   Delay   Delay  Logical Name (Net Name)
    ----------------------------------------  ------------
     IBUF:I->O             7   1.218   0.708  rst_IBUF (rst_IBUF)
     INV:I->O              2   0.704   0.447  rst_inv1_INV_0 (rst_inv)
     FDE:CE                    0.555          debugstate_0
    ----------------------------------------
    Total                      3.632ns (2.477ns logic, 1.155ns route)
                                       (68.2% logic, 31.8% route)

=========================================================================
Timing constraint: Default OFFSET OUT AFTER for Clock 'Inst_prescaller/sInv'
  Total number of paths / destination ports: 3 / 3
-------------------------------------------------------------------------
Offset:              4.283ns (Levels of Logic = 1)
  Source:            drop_out (FF)
  Destination:       drop_out (PAD)
  Source Clock:      Inst_prescaller/sInv rising

  Data Path: drop_out to drop_out
                                Gate     Net
    Cell:in->out      fanout   Delay   Delay  Logical Name (Net Name)
    ----------------------------------------  ------------
     FDCE:C->Q             1   0.591   0.420  drop_out (drop_out_OBUF)
     OBUF:I->O                 3.272          drop_out_OBUF (drop_out)
    ----------------------------------------
    Total                      4.283ns (3.863ns logic, 0.420ns route)
                                       (90.2% logic, 9.8% route)

=========================================================================
Timing constraint: Default OFFSET OUT AFTER for Clock 'clk'
  Total number of paths / destination ports: 1 / 1
-------------------------------------------------------------------------
Offset:              4.745ns (Levels of Logic = 1)
  Source:            Inst_prescaller/sInv (FF)
  Destination:       tick (PAD)
  Source Clock:      clk rising

  Data Path: Inst_prescaller/sInv to tick
                                Gate     Net
    Cell:in->out      fanout   Delay   Delay  Logical Name (Net Name)
    ----------------------------------------  ------------
     FDE:C->Q             10   0.591   0.882  Inst_prescaller/sInv (Inst_prescaller/sInv)
     OBUF:I->O                 3.272          tick_OBUF (tick)
    ----------------------------------------
    Total                      4.745ns (3.863ns logic, 0.882ns route)
                                       (81.4% logic, 18.6% route)

=========================================================================


Total REAL time to Xst completion: 3.00 secs
Total CPU time to Xst completion: 3.06 secs
 
--> 


Total memory usage is 173772 kilobytes

Number of errors   :    0 (   0 filtered)
Number of warnings :    2 (   0 filtered)
Number of infos    :    1 (   0 filtered)

