V3 15
FL /home/hendri/Documents/workspaceXilinxBasys2/gerbangAND/gerbangAND.vhd 2014/12/02.09:31:30 P.20131013
EN work/chip 1417487499 \
      FL /home/hendri/Documents/workspaceXilinxBasys2/gerbangAND/gerbangAND.vhd \
      PB ieee/std_logic_1164 1381692176
AR work/chip/behavioural 1417487500 \
      FL /home/hendri/Documents/workspaceXilinxBasys2/gerbangAND/gerbangAND.vhd \
      EN work/chip 1417487499 CP modOR2 CP modNOT CP modAND2
FL /home/hendri/Documents/workspaceXilinxBasys2/gerbangAND/modAND2.vhd 2014/12/02.09:16:35 P.20131013
EN work/modAND2 1417487497 \
      FL /home/hendri/Documents/workspaceXilinxBasys2/gerbangAND/modAND2.vhd \
      PB ieee/std_logic_1164 1381692176
AR work/modAND2/Behavioral 1417487498 \
      FL /home/hendri/Documents/workspaceXilinxBasys2/gerbangAND/modAND2.vhd \
      EN work/modAND2 1417487497
FL /home/hendri/Documents/workspaceXilinxBasys2/gerbangAND/modNOT.vhd 2014/12/02.09:18:55 P.20131013
EN work/modNOT 1417487495 \
      FL /home/hendri/Documents/workspaceXilinxBasys2/gerbangAND/modNOT.vhd \
      PB ieee/std_logic_1164 1381692176
AR work/modNOT/Behavioral 1417487496 \
      FL /home/hendri/Documents/workspaceXilinxBasys2/gerbangAND/modNOT.vhd \
      EN work/modNOT 1417487495
FL /home/hendri/Documents/workspaceXilinxBasys2/gerbangAND/modOR2.vhd 2014/12/02.09:17:22 P.20131013
EN work/modOR2 1417487493 \
      FL /home/hendri/Documents/workspaceXilinxBasys2/gerbangAND/modOR2.vhd \
      PB ieee/std_logic_1164 1381692176
AR work/modOR2/Behavioral 1417487494 \
      FL /home/hendri/Documents/workspaceXilinxBasys2/gerbangAND/modOR2.vhd \
      EN work/modOR2 1417487493
