EN traficlight NULL /home/hendri/Documents/workspaceXilinxBasys2/P11_stateTraffic/traffic.vhd sub00/vhpl02 1385658810
AR sevensegment behavioral /home/hendri/Documents/workspaceXilinxBasys2/P11_stateTrafficV1/traffic.vhd sub00/vhpl01 1385419912
AR traficlight behavioral /home/hendri/Documents/workspaceXilinxBasys2/P11_stateTraffic/traffic.vhd sub00/vhpl03 1385658811
EN sevensegment NULL /home/hendri/Documents/workspaceXilinxBasys2/P11_stateTrafficV1/traffic.vhd sub00/vhpl00 1385419911
