V3 5
FL /home/akhmad/Documents/workspaceXilinxBasys2/P04_BlinkerHDL/blinker2.vhd 2015/07/17.09:59:10 P.20131013
EN work/blink 1437114082 \
      FL /home/akhmad/Documents/workspaceXilinxBasys2/P04_BlinkerHDL/blinker2.vhd \
      PB ieee/std_logic_1164 1364358218 PB ieee/STD_LOGIC_UNSIGNED 1364358221
AR work/blink/Behavioral 1437114083 \
      FL /home/akhmad/Documents/workspaceXilinxBasys2/P04_BlinkerHDL/blinker2.vhd \
      EN work/blink 1437114082
FL /home/hendri/Documents/workspaceXilinxBasys2/blinkerHDL/blinker2.vhd 2013/11/24.16:12:56 P.20131013
FL /home/hendri/Documents/workspaceXilinxBasys2/P04_BlinkerHDL/blinker2.vhd 2013/11/24.16:12:00 P.20131013
