V3 4
FL /home/hendri/Documents/workspaceXilinxBasys2/P03_sevenSegmentV5/sevenSegment.vhd 2013/11/18.05:03:00 P.20131013
EN work/sevenSegment 1416881309 \
      FL /home/hendri/Documents/workspaceXilinxBasys2/P03_sevenSegmentV5/sevenSegment.vhd \
      PB ieee/std_logic_1164 1364358218
AR work/sevenSegment/Behavioral 1416881310 \
      FL /home/hendri/Documents/workspaceXilinxBasys2/P03_sevenSegmentV5/sevenSegment.vhd \
      EN work/sevenSegment 1416881309
FL /home/hendri/Documents/workspaceXilinxBasys2/sevenSegmentV5/sevenSegment.vhd 2013/11/18.05:03:27 P.20131013
