EN psc7seg NULL /home/hendri/Documents/workspaceXilinxBasys2/sevenSegmentCounterV3/clk7seg.vhd sub00/vhpl02 1385112163
AR sevensegment behavioral /home/hendri/Documents/workspaceXilinxBasys2/sevenSegmentCounterV3/sevenSegment.vhd sub00/vhpl01 1385112166
AR psc7seg behavioral /home/hendri/Documents/workspaceXilinxBasys2/sevenSegmentCounterV3/clk7seg.vhd sub00/vhpl03 1385112164
EN sevensegment NULL /home/hendri/Documents/workspaceXilinxBasys2/sevenSegmentCounterV3/sevenSegment.vhd sub00/vhpl00 1385112165
