V3 9
FL /home/hendri/Documents/workspaceXilinxBasys2/sevenSegmentCounterV3/clk7seg.vhd 2013/11/22.16:22:32 P.58f
EN work/psc7seg 1385112163 \
      FL /home/hendri/Documents/workspaceXilinxBasys2/sevenSegmentCounterV3/clk7seg.vhd \
      PB ieee/std_logic_1164 1364358218 LB UNISIM PH unisim/VCOMPONENTS 1364358225
AR work/psc7seg/Behavioral 1385112164 \
      FL /home/hendri/Documents/workspaceXilinxBasys2/sevenSegmentCounterV3/clk7seg.vhd \
      EN work/psc7seg 1385112163 CP BUFG
FL /home/hendri/Documents/workspaceXilinxBasys2/sevenSegmentCounterV3/sevenSegment.vhd 2013/11/21.10:15:16 P.58f
EN work/sevenSegment 1385112165 \
      FL /home/hendri/Documents/workspaceXilinxBasys2/sevenSegmentCounterV3/sevenSegment.vhd \
      PB ieee/std_logic_1164 1364358218 LB UNISIM PH unisim/VCOMPONENTS 1364358225
AR work/sevenSegment/Behavioral 1385112166 \
      FL /home/hendri/Documents/workspaceXilinxBasys2/sevenSegmentCounterV3/sevenSegment.vhd \
      EN work/sevenSegment 1385112165 CP psc7seg
