EN prescaller NULL /home/hendri/Documents/workspaceXilinxBasys2/P4_CounterledHDL/counter.vhd sub00/vhpl00 1385286063
AR counterled behavioral /home/hendri/Documents/workspaceXilinxBasys2/P05_CounterledHDL/counter.vhd sub00/vhpl03 1386830452
EN counterled NULL /home/hendri/Documents/workspaceXilinxBasys2/P05_CounterledHDL/counter.vhd sub00/vhpl02 1386830451
AR prescaller behavioral /home/hendri/Documents/workspaceXilinxBasys2/P4_CounterledHDL/counter.vhd sub00/vhpl01 1385286064
