V3 4
FL /home/hendri/Documents/workspaceXilinxBasys2/P05_CounterledHDL/counter.vhd 2013/11/24.16:47:00 P.58f
EN work/counterLED 1386830451 \
      FL /home/hendri/Documents/workspaceXilinxBasys2/P05_CounterledHDL/counter.vhd \
      PB ieee/std_logic_1164 1364358218 PB ieee/STD_LOGIC_UNSIGNED 1364358221
AR work/counterLED/Behavioral 1386830452 \
      FL /home/hendri/Documents/workspaceXilinxBasys2/P05_CounterledHDL/counter.vhd \
      EN work/counterLED 1386830451
FL /home/hendri/Documents/workspaceXilinxBasys2/P4_CounterledHDL/counter.vhd 2013/11/24.16:47:06 P.58f
