V3 25
FL /home/hendri/Documents/workspaceXilinxBasys2/P13_VendingMachineChangewithDebouncing2/debouncingCircuit.vhd 2013/11/27.11:53:24 P.58f
FL /home/hendri/Documents/workspaceXilinxBasys2/P13_VendingMachineChangewithDebouncing2/prescaller.vhd 2013/11/27.11:59:28 P.58f
FL /home/hendri/Documents/workspaceXilinxBasys2/P13_VendingMachineChangewithDebouncing2/vendingMachine.vhd 2013/11/27.11:58:11 P.58f
FL /home/hendri/Documents/workspaceXilinxBasys2/P13_VendingMachinenoChangewithdebouncing/debouncingCircuit.vhd 2013/11/27.11:45:33 P.58f
FL /home/hendri/Documents/workspaceXilinxBasys2/P13_VendingMachinenoChangewithdebouncing/prescaller.vhd 2013/11/27.10:34:19 P.58f
FL /home/hendri/Documents/workspaceXilinxBasys2/P13_VendingMachinenoChangewithdebouncing/vendingMachine.vhd 2013/11/27.11:09:29 P.58f
FL /home/hendri/Documents/workspaceXilinxBasys2/P14_vendingMachineChange/debouncingCircuit.vhd 2013/11/27.11:53:24 P.58f
FL /home/hendri/Documents/workspaceXilinxBasys2/P14_vendingMachineChange/prescaller.vhd 2013/11/27.11:59:28 P.58f
FL /home/hendri/Documents/workspaceXilinxBasys2/P14_vendingMachineChange/vendingMachine.vhd 2013/11/27.13:41:28 P.58f
FL /home/hendri/Documents/workspaceXilinxBasys2/P15_vendingMachineProcessCancel/debouncingCircuit.vhd 2013/11/27.13:59:06 P.58f
FL /home/hendri/Documents/workspaceXilinxBasys2/P15_vendingMachineProcessCancel/prescaller.vhd 2013/11/27.11:59:28 P.58f
FL /home/hendri/Documents/workspaceXilinxBasys2/P15_vendingMachineProcessCancel/vendingMachine.vhd 2013/11/27.18:42:09 P.58f
FL /home/hendri/Documents/workspaceXilinxBasys2/p16_vmProcessCancelDelay/debouncingCircuit.vhd 2013/11/27.13:59:06 P.58f
EN work/debouncingCircuit 1385595363 \
      FL /home/hendri/Documents/workspaceXilinxBasys2/p16_vmProcessCancelDelay/debouncingCircuit.vhd \
      PB ieee/std_logic_1164 1364358218
AR work/debouncingCircuit/Behavioral 1385595364 \
      FL /home/hendri/Documents/workspaceXilinxBasys2/p16_vmProcessCancelDelay/debouncingCircuit.vhd \
      EN work/debouncingCircuit 1385595363
FL /home/hendri/Documents/workspaceXilinxBasys2/p16_vmProcessCancelDelay/prescaller.vhd 2013/11/27.19:01:12 P.58f
EN work/prescaller 1385595361 \
      FL /home/hendri/Documents/workspaceXilinxBasys2/p16_vmProcessCancelDelay/prescaller.vhd \
      PB ieee/std_logic_1164 1364358218 LB UNISIM PH unisim/VCOMPONENTS 1364358225
AR work/prescaller/Behavioral 1385595362 \
      FL /home/hendri/Documents/workspaceXilinxBasys2/p16_vmProcessCancelDelay/prescaller.vhd \
      EN work/prescaller 1385595361 CP BUFG
FL /home/hendri/Documents/workspaceXilinxBasys2/p16_vmProcessCancelDelay/vendingMachine.vhd 2013/11/28.06:35:56 P.58f
EN work/vendingmachine 1385595365 \
      FL /home/hendri/Documents/workspaceXilinxBasys2/p16_vmProcessCancelDelay/vendingMachine.vhd \
      PB ieee/std_logic_1164 1364358218
AR work/vendingmachine/Behavioral 1385595366 \
      FL /home/hendri/Documents/workspaceXilinxBasys2/p16_vmProcessCancelDelay/vendingMachine.vhd \
      EN work/vendingmachine 1385595365 CP prescaller CP debouncingCircuit
